Archive member included to satisfy reference by file (symbol)

/home/trex/esp/LAB3/build/bootloader/main/libmain.a(bootloader_start.o)
                              (call_start_cpu)
/home/trex/esp/LAB3/build/bootloader/bootloader_support/libbootloader_support.a(bootloader_init.o)
                              /home/trex/esp/LAB3/build/bootloader/main/libmain.a(bootloader_start.o) (bootloader_init)
/home/trex/esp/LAB3/build/bootloader/bootloader_support/libbootloader_support.a(bootloader_utility.o)
                              /home/trex/esp/LAB3/build/bootloader/main/libmain.a(bootloader_start.o) (bootloader_utility_load_partition_table)
/home/trex/esp/LAB3/build/bootloader/bootloader_support/libbootloader_support.a(bootloader_common.o)
                              /home/trex/esp/LAB3/build/bootloader/bootloader_support/libbootloader_support.a(bootloader_utility.o) (bootloader_common_ota_select_valid)
/home/trex/esp/LAB3/build/bootloader/bootloader_support/libbootloader_support.a(flash_partitions.o)
                              /home/trex/esp/LAB3/build/bootloader/bootloader_support/libbootloader_support.a(bootloader_utility.o) (esp_partition_table_basic_verify)
/home/trex/esp/LAB3/build/bootloader/bootloader_support/libbootloader_support.a(esp_image_format.o)
                              /home/trex/esp/LAB3/build/bootloader/bootloader_support/libbootloader_support.a(bootloader_utility.o) (esp_image_load)
/home/trex/esp/LAB3/build/bootloader/bootloader_support/libbootloader_support.a(bootloader_flash.o)
                              /home/trex/esp/LAB3/build/bootloader/bootloader_support/libbootloader_support.a(bootloader_utility.o) (bootloader_mmap)
/home/trex/esp/LAB3/build/bootloader/spi_flash/libspi_flash.a(spi_flash.o)
                              /home/trex/esp/LAB3/build/bootloader/bootloader_support/libbootloader_support.a(flash_partitions.o) (g_rom_flashchip)
/home/trex/esp/LAB3/build/bootloader/spi_flash/libspi_flash.a(spi_flash_raw.o)
                              /home/trex/esp/LAB3/build/bootloader/spi_flash/libspi_flash.a(spi_flash.o) (spi_flash_get_id_raw)
/home/trex/esp/LAB3/build/bootloader/log/liblog.a(log.o)
                              /home/trex/esp/LAB3/build/bootloader/bootloader_support/libbootloader_support.a(bootloader_common.o) (esp_log_early_timestamp)
/home/trex/esp/LAB3/build/bootloader/esp8266/libesp8266.a(ets_printf.o)
                              /home/trex/esp/LAB3/build/bootloader/log/liblog.a(log.o) (ets_vprintf)
/home/trex/esp/LAB3/build/bootloader/esp8266/libesp8266.a(crc.o)
                              /home/trex/esp/LAB3/build/bootloader/bootloader_support/libbootloader_support.a(bootloader_common.o) (crc32_le)
/home/trex/esp/LAB3/build/bootloader/esp8266/libesp8266.a(esp_fast_boot.o)
                              /home/trex/esp/LAB3/build/bootloader/bootloader_support/libbootloader_support.a(bootloader_utility.o) (esp_fast_boot_get_info)
/home/trex/esp/ESP8266_RTOS_SDK/components/esp8266/lib/libcore.a(phy.o)
                              /home/trex/esp/LAB3/build/bootloader/bootloader_support/libbootloader_support.a(bootloader_init.o) (phy_reg_default)

Allocating common symbols
Common symbol       size              file

esp_image_spi_freq_t
                    0x4               /home/trex/esp/LAB3/build/bootloader/main/libmain.a(bootloader_start.o)

Discarded input sections

 .text          0x0000000000000000        0x0 /home/trex/esp/LAB3/build/bootloader/main/libmain.a(bootloader_start.o)
 .data          0x0000000000000000        0x0 /home/trex/esp/LAB3/build/bootloader/main/libmain.a(bootloader_start.o)
 .bss           0x0000000000000000        0x0 /home/trex/esp/LAB3/build/bootloader/main/libmain.a(bootloader_start.o)
 .xt.lit        0x0000000000000000       0x18 /home/trex/esp/LAB3/build/bootloader/main/libmain.a(bootloader_start.o)
 .xt.prop       0x0000000000000000       0xe4 /home/trex/esp/LAB3/build/bootloader/main/libmain.a(bootloader_start.o)
 COMMON         0x0000000000000000        0x4 /home/trex/esp/LAB3/build/bootloader/main/libmain.a(bootloader_start.o)
 .text          0x0000000000000000        0x0 /home/trex/esp/LAB3/build/bootloader/bootloader_support/libbootloader_support.a(bootloader_init.o)
 .data          0x0000000000000000        0x0 /home/trex/esp/LAB3/build/bootloader/bootloader_support/libbootloader_support.a(bootloader_init.o)
 .bss           0x0000000000000000        0x0 /home/trex/esp/LAB3/build/bootloader/bootloader_support/libbootloader_support.a(bootloader_init.o)
 .xt.lit        0x0000000000000000       0x18 /home/trex/esp/LAB3/build/bootloader/bootloader_support/libbootloader_support.a(bootloader_init.o)
 .xt.prop       0x0000000000000000       0xb4 /home/trex/esp/LAB3/build/bootloader/bootloader_support/libbootloader_support.a(bootloader_init.o)
 .literal.bootloader_utility_fast_boot_image
                0x0000000000000000        0x8 /home/trex/esp/LAB3/build/bootloader/bootloader_support/libbootloader_support.a(bootloader_utility.o)
 .text          0x0000000000000000        0x0 /home/trex/esp/LAB3/build/bootloader/bootloader_support/libbootloader_support.a(bootloader_utility.o)
 .data          0x0000000000000000        0x0 /home/trex/esp/LAB3/build/bootloader/bootloader_support/libbootloader_support.a(bootloader_utility.o)
 .bss           0x0000000000000000        0x0 /home/trex/esp/LAB3/build/bootloader/bootloader_support/libbootloader_support.a(bootloader_utility.o)
 .text.bootloader_utility_fast_boot_image
                0x0000000000000000       0x27 /home/trex/esp/LAB3/build/bootloader/bootloader_support/libbootloader_support.a(bootloader_utility.o)
 .xt.lit        0x0000000000000000       0x38 /home/trex/esp/LAB3/build/bootloader/bootloader_support/libbootloader_support.a(bootloader_utility.o)
 .xt.prop       0x0000000000000000      0x3fc /home/trex/esp/LAB3/build/bootloader/bootloader_support/libbootloader_support.a(bootloader_utility.o)
 .literal.bootloader_common_check_long_hold_gpio
                0x0000000000000000       0x58 /home/trex/esp/LAB3/build/bootloader/bootloader_support/libbootloader_support.a(bootloader_common.o)
 .text          0x0000000000000000        0x0 /home/trex/esp/LAB3/build/bootloader/bootloader_support/libbootloader_support.a(bootloader_common.o)
 .data          0x0000000000000000        0x0 /home/trex/esp/LAB3/build/bootloader/bootloader_support/libbootloader_support.a(bootloader_common.o)
 .bss           0x0000000000000000        0x0 /home/trex/esp/LAB3/build/bootloader/bootloader_support/libbootloader_support.a(bootloader_common.o)
 .text.bootloader_common_check_long_hold_gpio
                0x0000000000000000      0x230 /home/trex/esp/LAB3/build/bootloader/bootloader_support/libbootloader_support.a(bootloader_common.o)
 .xt.lit        0x0000000000000000       0x18 /home/trex/esp/LAB3/build/bootloader/bootloader_support/libbootloader_support.a(bootloader_common.o)
 .xt.prop       0x0000000000000000      0x420 /home/trex/esp/LAB3/build/bootloader/bootloader_support/libbootloader_support.a(bootloader_common.o)
 .text          0x0000000000000000        0x0 /home/trex/esp/LAB3/build/bootloader/bootloader_support/libbootloader_support.a(flash_partitions.o)
 .data          0x0000000000000000        0x0 /home/trex/esp/LAB3/build/bootloader/bootloader_support/libbootloader_support.a(flash_partitions.o)
 .bss           0x0000000000000000        0x0 /home/trex/esp/LAB3/build/bootloader/bootloader_support/libbootloader_support.a(flash_partitions.o)
 .xt.lit        0x0000000000000000        0x8 /home/trex/esp/LAB3/build/bootloader/bootloader_support/libbootloader_support.a(flash_partitions.o)
 .xt.prop       0x0000000000000000       0xd8 /home/trex/esp/LAB3/build/bootloader/bootloader_support/libbootloader_support.a(flash_partitions.o)
 .literal.esp_image_verify_bootloader
                0x0000000000000000        0x8 /home/trex/esp/LAB3/build/bootloader/bootloader_support/libbootloader_support.a(esp_image_format.o)
 .text          0x0000000000000000        0x0 /home/trex/esp/LAB3/build/bootloader/bootloader_support/libbootloader_support.a(esp_image_format.o)
 .data          0x0000000000000000        0x0 /home/trex/esp/LAB3/build/bootloader/bootloader_support/libbootloader_support.a(esp_image_format.o)
 .bss           0x0000000000000000        0x0 /home/trex/esp/LAB3/build/bootloader/bootloader_support/libbootloader_support.a(esp_image_format.o)
 .text.esp_image_verify_bootloader
                0x0000000000000000       0x41 /home/trex/esp/LAB3/build/bootloader/bootloader_support/libbootloader_support.a(esp_image_format.o)
 .xt.lit        0x0000000000000000       0x40 /home/trex/esp/LAB3/build/bootloader/bootloader_support/libbootloader_support.a(esp_image_format.o)
 .xt.prop       0x0000000000000000      0x318 /home/trex/esp/LAB3/build/bootloader/bootloader_support/libbootloader_support.a(esp_image_format.o)
 .literal.bootloader_flash_write
                0x0000000000000000        0xc /home/trex/esp/LAB3/build/bootloader/bootloader_support/libbootloader_support.a(bootloader_flash.o)
 .literal.bootloader_flash_erase_sector
                0x0000000000000000        0x4 /home/trex/esp/LAB3/build/bootloader/bootloader_support/libbootloader_support.a(bootloader_flash.o)
 .text          0x0000000000000000        0x0 /home/trex/esp/LAB3/build/bootloader/bootloader_support/libbootloader_support.a(bootloader_flash.o)
 .data          0x0000000000000000        0x0 /home/trex/esp/LAB3/build/bootloader/bootloader_support/libbootloader_support.a(bootloader_flash.o)
 .bss           0x0000000000000000        0x0 /home/trex/esp/LAB3/build/bootloader/bootloader_support/libbootloader_support.a(bootloader_flash.o)
 .text.bootloader_flash_write
                0x0000000000000000       0x69 /home/trex/esp/LAB3/build/bootloader/bootloader_support/libbootloader_support.a(bootloader_flash.o)
 .text.bootloader_flash_erase_sector
                0x0000000000000000       0x15 /home/trex/esp/LAB3/build/bootloader/bootloader_support/libbootloader_support.a(bootloader_flash.o)
 .xt.lit        0x0000000000000000       0x30 /home/trex/esp/LAB3/build/bootloader/bootloader_support/libbootloader_support.a(bootloader_flash.o)
 .xt.prop       0x0000000000000000      0x258 /home/trex/esp/LAB3/build/bootloader/bootloader_support/libbootloader_support.a(bootloader_flash.o)
 .literal.spi_flash_program
                0x0000000000000000       0x20 /home/trex/esp/LAB3/build/bootloader/spi_flash/libspi_flash.a(spi_flash.o)
 .literal.__spi_flash_write
                0x0000000000000000        0x8 /home/trex/esp/LAB3/build/bootloader/spi_flash/libspi_flash.a(spi_flash.o)
 .literal.__spi_flash_read
                0x0000000000000000       0x10 /home/trex/esp/LAB3/build/bootloader/spi_flash/libspi_flash.a(spi_flash.o)
 .literal.spi_flash_write_status
                0x0000000000000000        0xc /home/trex/esp/LAB3/build/bootloader/spi_flash/libspi_flash.a(spi_flash.o)
 .literal.spi_flash_check_wr_protect
                0x0000000000000000       0x4c /home/trex/esp/LAB3/build/bootloader/spi_flash/libspi_flash.a(spi_flash.o)
 .literal.spi_flash_erase_sector
                0x0000000000000000       0x18 /home/trex/esp/LAB3/build/bootloader/spi_flash/libspi_flash.a(spi_flash.o)
 .literal.spi_flash_read
                0x0000000000000000       0x24 /home/trex/esp/LAB3/build/bootloader/spi_flash/libspi_flash.a(spi_flash.o)
 .literal.spi_flash_write
                0x0000000000000000       0x3c /home/trex/esp/LAB3/build/bootloader/spi_flash/libspi_flash.a(spi_flash.o)
 .literal.spi_flash_erase_range
                0x0000000000000000       0x10 /home/trex/esp/LAB3/build/bootloader/spi_flash/libspi_flash.a(spi_flash.o)
 .literal.spi_flash_cache2phys
                0x0000000000000000       0x18 /home/trex/esp/LAB3/build/bootloader/spi_flash/libspi_flash.a(spi_flash.o)
 .literal.spi_flash_get_chip_size
                0x0000000000000000        0x4 /home/trex/esp/LAB3/build/bootloader/spi_flash/libspi_flash.a(spi_flash.o)
 .text          0x0000000000000000        0x0 /home/trex/esp/LAB3/build/bootloader/spi_flash/libspi_flash.a(spi_flash.o)
 .data          0x0000000000000000        0x0 /home/trex/esp/LAB3/build/bootloader/spi_flash/libspi_flash.a(spi_flash.o)
 .bss           0x0000000000000000        0x0 /home/trex/esp/LAB3/build/bootloader/spi_flash/libspi_flash.a(spi_flash.o)
 .text.spi_flash_program
                0x0000000000000000       0xd8 /home/trex/esp/LAB3/build/bootloader/spi_flash/libspi_flash.a(spi_flash.o)
 .text.__spi_flash_write
                0x0000000000000000       0x23 /home/trex/esp/LAB3/build/bootloader/spi_flash/libspi_flash.a(spi_flash.o)
 .text.__spi_flash_read
                0x0000000000000000       0x31 /home/trex/esp/LAB3/build/bootloader/spi_flash/libspi_flash.a(spi_flash.o)
 .text.spi_flash_write_status
                0x0000000000000000       0x2a /home/trex/esp/LAB3/build/bootloader/spi_flash/libspi_flash.a(spi_flash.o)
 .text.spi_flash_check_wr_protect
                0x0000000000000000      0x165 /home/trex/esp/LAB3/build/bootloader/spi_flash/libspi_flash.a(spi_flash.o)
 .text.spi_flash_erase_sector
                0x0000000000000000       0x56 /home/trex/esp/LAB3/build/bootloader/spi_flash/libspi_flash.a(spi_flash.o)
 .text.spi_flash_read
                0x0000000000000000      0x109 /home/trex/esp/LAB3/build/bootloader/spi_flash/libspi_flash.a(spi_flash.o)
 .text.spi_flash_write
                0x0000000000000000      0x176 /home/trex/esp/LAB3/build/bootloader/spi_flash/libspi_flash.a(spi_flash.o)
 .text.spi_flash_erase_range
                0x0000000000000000       0x67 /home/trex/esp/LAB3/build/bootloader/spi_flash/libspi_flash.a(spi_flash.o)
 .text.spi_flash_cache2phys
                0x0000000000000000       0x4e /home/trex/esp/LAB3/build/bootloader/spi_flash/libspi_flash.a(spi_flash.o)
 .text.spi_flash_get_chip_size
                0x0000000000000000        0x7 /home/trex/esp/LAB3/build/bootloader/spi_flash/libspi_flash.a(spi_flash.o)
 .xt.lit        0x0000000000000000       0xd0 /home/trex/esp/LAB3/build/bootloader/spi_flash/libspi_flash.a(spi_flash.o)
 .xt.prop       0x0000000000000000      0xb04 /home/trex/esp/LAB3/build/bootloader/spi_flash/libspi_flash.a(spi_flash.o)
 .literal.spi_flash_write_status_raw
                0x0000000000000000       0x1c /home/trex/esp/LAB3/build/bootloader/spi_flash/libspi_flash.a(spi_flash_raw.o)
 .literal.spi_flash_erase_sector_raw
                0x0000000000000000       0x14 /home/trex/esp/LAB3/build/bootloader/spi_flash/libspi_flash.a(spi_flash_raw.o)
 .literal.spi_flash_write_raw
                0x0000000000000000        0xc /home/trex/esp/LAB3/build/bootloader/spi_flash/libspi_flash.a(spi_flash_raw.o)
 .literal.spi_flash_read_raw
                0x0000000000000000        0xc /home/trex/esp/LAB3/build/bootloader/spi_flash/libspi_flash.a(spi_flash_raw.o)
 .text          0x0000000000000000        0x0 /home/trex/esp/LAB3/build/bootloader/spi_flash/libspi_flash.a(spi_flash_raw.o)
 .data          0x0000000000000000        0x0 /home/trex/esp/LAB3/build/bootloader/spi_flash/libspi_flash.a(spi_flash_raw.o)
 .bss           0x0000000000000000        0x0 /home/trex/esp/LAB3/build/bootloader/spi_flash/libspi_flash.a(spi_flash_raw.o)
 .text.spi_flash_write_status_raw
                0x0000000000000000       0x5c /home/trex/esp/LAB3/build/bootloader/spi_flash/libspi_flash.a(spi_flash_raw.o)
 .text.spi_flash_erase_sector_raw
                0x0000000000000000       0x50 /home/trex/esp/LAB3/build/bootloader/spi_flash/libspi_flash.a(spi_flash_raw.o)
 .text.spi_flash_write_raw
                0x0000000000000000       0x43 /home/trex/esp/LAB3/build/bootloader/spi_flash/libspi_flash.a(spi_flash_raw.o)
 .text.spi_flash_read_raw
                0x0000000000000000       0x43 /home/trex/esp/LAB3/build/bootloader/spi_flash/libspi_flash.a(spi_flash_raw.o)
 .xt.lit        0x0000000000000000       0x58 /home/trex/esp/LAB3/build/bootloader/spi_flash/libspi_flash.a(spi_flash_raw.o)
 .xt.prop       0x0000000000000000      0x348 /home/trex/esp/LAB3/build/bootloader/spi_flash/libspi_flash.a(spi_flash_raw.o)
 .iram1.0.literal
                0x0000000000000000        0x8 /home/trex/esp/LAB3/build/bootloader/log/liblog.a(log.o)
 .iram1.1.literal
                0x0000000000000000       0x30 /home/trex/esp/LAB3/build/bootloader/log/liblog.a(log.o)
 .text          0x0000000000000000        0x0 /home/trex/esp/LAB3/build/bootloader/log/liblog.a(log.o)
 .data          0x0000000000000000        0x0 /home/trex/esp/LAB3/build/bootloader/log/liblog.a(log.o)
 .bss           0x0000000000000000        0x0 /home/trex/esp/LAB3/build/bootloader/log/liblog.a(log.o)
 .iram1.0       0x0000000000000000       0x18 /home/trex/esp/LAB3/build/bootloader/log/liblog.a(log.o)
 .rodata.str1.4
                0x0000000000000000       0x22 /home/trex/esp/LAB3/build/bootloader/log/liblog.a(log.o)
 .iram1.1       0x0000000000000000       0xa1 /home/trex/esp/LAB3/build/bootloader/log/liblog.a(log.o)
 .rodata.s_log_prefix
                0x0000000000000000        0x6 /home/trex/esp/LAB3/build/bootloader/log/liblog.a(log.o)
 .rodata.s_log_color
                0x0000000000000000       0x18 /home/trex/esp/LAB3/build/bootloader/log/liblog.a(log.o)
 .debug_frame   0x0000000000000000       0x58 /home/trex/esp/LAB3/build/bootloader/log/liblog.a(log.o)
 .debug_info    0x0000000000000000     0x12ba /home/trex/esp/LAB3/build/bootloader/log/liblog.a(log.o)
 .debug_abbrev  0x0000000000000000      0x315 /home/trex/esp/LAB3/build/bootloader/log/liblog.a(log.o)
 .debug_loc     0x0000000000000000      0x119 /home/trex/esp/LAB3/build/bootloader/log/liblog.a(log.o)
 .debug_aranges
                0x0000000000000000       0x28 /home/trex/esp/LAB3/build/bootloader/log/liblog.a(log.o)
 .debug_ranges  0x0000000000000000       0x18 /home/trex/esp/LAB3/build/bootloader/log/liblog.a(log.o)
 .debug_line    0x0000000000000000      0x5bb /home/trex/esp/LAB3/build/bootloader/log/liblog.a(log.o)
 .debug_str     0x0000000000000000     0x1039 /home/trex/esp/LAB3/build/bootloader/log/liblog.a(log.o)
 .comment       0x0000000000000000       0x32 /home/trex/esp/LAB3/build/bootloader/log/liblog.a(log.o)
 .xt.lit        0x0000000000000000       0x10 /home/trex/esp/LAB3/build/bootloader/log/liblog.a(log.o)
 .xt.prop       0x0000000000000000       0xcc /home/trex/esp/LAB3/build/bootloader/log/liblog.a(log.o)
 .literal.uart_putc
                0x0000000000000000        0x8 /home/trex/esp/LAB3/build/bootloader/esp8266/libesp8266.a(ets_printf.o)
 .literal.ets_putc
                0x0000000000000000        0x8 /home/trex/esp/LAB3/build/bootloader/esp8266/libesp8266.a(ets_printf.o)
 .literal.ets_vprintf
                0x0000000000000000        0x8 /home/trex/esp/LAB3/build/bootloader/esp8266/libesp8266.a(ets_printf.o)
 .iram1.0.literal
                0x0000000000000000        0x8 /home/trex/esp/LAB3/build/bootloader/esp8266/libesp8266.a(ets_printf.o)
 .text          0x0000000000000000        0x0 /home/trex/esp/LAB3/build/bootloader/esp8266/libesp8266.a(ets_printf.o)
 .data          0x0000000000000000        0x0 /home/trex/esp/LAB3/build/bootloader/esp8266/libesp8266.a(ets_printf.o)
 .bss           0x0000000000000000        0x0 /home/trex/esp/LAB3/build/bootloader/esp8266/libesp8266.a(ets_printf.o)
 .text.uart_putc
                0x0000000000000000       0x1b /home/trex/esp/LAB3/build/bootloader/esp8266/libesp8266.a(ets_printf.o)
 .text.ets_putc
                0x0000000000000000       0x27 /home/trex/esp/LAB3/build/bootloader/esp8266/libesp8266.a(ets_printf.o)
 .text.ets_vprintf
                0x0000000000000000       0x1f /home/trex/esp/LAB3/build/bootloader/esp8266/libesp8266.a(ets_printf.o)
 .iram1.0       0x0000000000000000       0x39 /home/trex/esp/LAB3/build/bootloader/esp8266/libesp8266.a(ets_printf.o)
 .debug_frame   0x0000000000000000       0x80 /home/trex/esp/LAB3/build/bootloader/esp8266/libesp8266.a(ets_printf.o)
 .debug_info    0x0000000000000000      0xb66 /home/trex/esp/LAB3/build/bootloader/esp8266/libesp8266.a(ets_printf.o)
 .debug_abbrev  0x0000000000000000      0x2a2 /home/trex/esp/LAB3/build/bootloader/esp8266/libesp8266.a(ets_printf.o)
 .debug_loc     0x0000000000000000       0xe9 /home/trex/esp/LAB3/build/bootloader/esp8266/libesp8266.a(ets_printf.o)
 .debug_aranges
                0x0000000000000000       0x38 /home/trex/esp/LAB3/build/bootloader/esp8266/libesp8266.a(ets_printf.o)
 .debug_ranges  0x0000000000000000       0x28 /home/trex/esp/LAB3/build/bootloader/esp8266/libesp8266.a(ets_printf.o)
 .debug_line    0x0000000000000000      0x49c /home/trex/esp/LAB3/build/bootloader/esp8266/libesp8266.a(ets_printf.o)
 .debug_str     0x0000000000000000      0x69e /home/trex/esp/LAB3/build/bootloader/esp8266/libesp8266.a(ets_printf.o)
 .comment       0x0000000000000000       0x32 /home/trex/esp/LAB3/build/bootloader/esp8266/libesp8266.a(ets_printf.o)
 .xt.lit        0x0000000000000000       0x20 /home/trex/esp/LAB3/build/bootloader/esp8266/libesp8266.a(ets_printf.o)
 .xt.prop       0x0000000000000000       0xe4 /home/trex/esp/LAB3/build/bootloader/esp8266/libesp8266.a(ets_printf.o)
 .literal.crc16_le
                0x0000000000000000        0x4 /home/trex/esp/LAB3/build/bootloader/esp8266/libesp8266.a(crc.o)
 .literal.esp_crc8
                0x0000000000000000        0x4 /home/trex/esp/LAB3/build/bootloader/esp8266/libesp8266.a(crc.o)
 .text          0x0000000000000000        0x0 /home/trex/esp/LAB3/build/bootloader/esp8266/libesp8266.a(crc.o)
 .data          0x0000000000000000        0x0 /home/trex/esp/LAB3/build/bootloader/esp8266/libesp8266.a(crc.o)
 .bss           0x0000000000000000        0x0 /home/trex/esp/LAB3/build/bootloader/esp8266/libesp8266.a(crc.o)
 .text.crc16_le
                0x0000000000000000       0x3b /home/trex/esp/LAB3/build/bootloader/esp8266/libesp8266.a(crc.o)
 .text.esp_crc8
                0x0000000000000000       0x21 /home/trex/esp/LAB3/build/bootloader/esp8266/libesp8266.a(crc.o)
 .rodata.crc8_le_table
                0x0000000000000000      0x100 /home/trex/esp/LAB3/build/bootloader/esp8266/libesp8266.a(crc.o)
 .rodata.crc16_le_table
                0x0000000000000000      0x200 /home/trex/esp/LAB3/build/bootloader/esp8266/libesp8266.a(crc.o)
 .xt.lit        0x0000000000000000       0x18 /home/trex/esp/LAB3/build/bootloader/esp8266/libesp8266.a(crc.o)
 .xt.prop       0x0000000000000000       0xfc /home/trex/esp/LAB3/build/bootloader/esp8266/libesp8266.a(crc.o)
 .literal.esp_fast_boot_disable
                0x0000000000000000        0x4 /home/trex/esp/LAB3/build/bootloader/esp8266/libesp8266.a(esp_fast_boot.o)
 .literal.esp_fast_boot_get_info
                0x0000000000000000       0x18 /home/trex/esp/LAB3/build/bootloader/esp8266/libesp8266.a(esp_fast_boot.o)
 .literal.esp_fast_boot_print_info
                0x0000000000000000       0x2c /home/trex/esp/LAB3/build/bootloader/esp8266/libesp8266.a(esp_fast_boot.o)
 .text          0x0000000000000000        0x0 /home/trex/esp/LAB3/build/bootloader/esp8266/libesp8266.a(esp_fast_boot.o)
 .data          0x0000000000000000        0x0 /home/trex/esp/LAB3/build/bootloader/esp8266/libesp8266.a(esp_fast_boot.o)
 .bss           0x0000000000000000        0x0 /home/trex/esp/LAB3/build/bootloader/esp8266/libesp8266.a(esp_fast_boot.o)
 .text.esp_fast_boot_disable
                0x0000000000000000       0x11 /home/trex/esp/LAB3/build/bootloader/esp8266/libesp8266.a(esp_fast_boot.o)
 .text.esp_fast_boot_get_info
                0x0000000000000000       0x6b /home/trex/esp/LAB3/build/bootloader/esp8266/libesp8266.a(esp_fast_boot.o)
 .rodata.esp_fast_boot_print_info.str1.4
                0x0000000000000000       0x59 /home/trex/esp/LAB3/build/bootloader/esp8266/libesp8266.a(esp_fast_boot.o)
 .text.esp_fast_boot_print_info
                0x0000000000000000       0x4d /home/trex/esp/LAB3/build/bootloader/esp8266/libesp8266.a(esp_fast_boot.o)
 .debug_frame   0x0000000000000000       0x68 /home/trex/esp/LAB3/build/bootloader/esp8266/libesp8266.a(esp_fast_boot.o)
 .debug_info    0x0000000000000000      0xb79 /home/trex/esp/LAB3/build/bootloader/esp8266/libesp8266.a(esp_fast_boot.o)
 .debug_abbrev  0x0000000000000000      0x251 /home/trex/esp/LAB3/build/bootloader/esp8266/libesp8266.a(esp_fast_boot.o)
 .debug_loc     0x0000000000000000       0xb0 /home/trex/esp/LAB3/build/bootloader/esp8266/libesp8266.a(esp_fast_boot.o)
 .debug_aranges
                0x0000000000000000       0x30 /home/trex/esp/LAB3/build/bootloader/esp8266/libesp8266.a(esp_fast_boot.o)
 .debug_ranges  0x0000000000000000       0x20 /home/trex/esp/LAB3/build/bootloader/esp8266/libesp8266.a(esp_fast_boot.o)
 .debug_line    0x0000000000000000      0x505 /home/trex/esp/LAB3/build/bootloader/esp8266/libesp8266.a(esp_fast_boot.o)
 .debug_str     0x0000000000000000      0x6e7 /home/trex/esp/LAB3/build/bootloader/esp8266/libesp8266.a(esp_fast_boot.o)
 .comment       0x0000000000000000       0x32 /home/trex/esp/LAB3/build/bootloader/esp8266/libesp8266.a(esp_fast_boot.o)
 .xt.lit        0x0000000000000000       0x18 /home/trex/esp/LAB3/build/bootloader/esp8266/libesp8266.a(esp_fast_boot.o)
 .xt.prop       0x0000000000000000       0xc0 /home/trex/esp/LAB3/build/bootloader/esp8266/libesp8266.a(esp_fast_boot.o)
 .literal.phy_reg_default
                0x0000000000000000        0x0 /home/trex/esp/ESP8266_RTOS_SDK/components/esp8266/lib/libcore.a(phy.o)
 .text          0x0000000000000000        0x0 /home/trex/esp/ESP8266_RTOS_SDK/components/esp8266/lib/libcore.a(phy.o)
 .data          0x0000000000000000        0x0 /home/trex/esp/ESP8266_RTOS_SDK/components/esp8266/lib/libcore.a(phy.o)
 .bss           0x0000000000000000        0x0 /home/trex/esp/ESP8266_RTOS_SDK/components/esp8266/lib/libcore.a(phy.o)
 .xt.lit        0x0000000000000000        0x8 /home/trex/esp/ESP8266_RTOS_SDK/components/esp8266/lib/libcore.a(phy.o)
 .xt.prop       0x0000000000000000       0x48 /home/trex/esp/ESP8266_RTOS_SDK/components/esp8266/lib/libcore.a(phy.o)

Memory Configuration

Name             Origin             Length             Attributes
dport0_seg       0x000000003ff00000 0x0000000000000010
dram_seg         0x000000003ffe8000 0x0000000000017c00
iram_seg         0x0000000040100000 0x0000000000008000
*default*        0x0000000000000000 0xffffffffffffffff

Linker script and memory map

START GROUP
LOAD /home/trex/esp/LAB3/build/bootloader/main/libmain.a
LOAD /home/trex/esp/ESP8266_RTOS_SDK/components/esp8266/lib/libcore.a
LOAD /home/trex/esp/LAB3/build/bootloader/bootloader_support/libbootloader_support.a
LOAD /home/trex/esp/LAB3/build/bootloader/spi_flash/libspi_flash.a
LOAD /home/trex/esp/LAB3/build/bootloader/log/liblog.a
LOAD /home/trex/esp/LAB3/build/bootloader/esp8266/libesp8266.a
LOAD /home/trex/esp/ESP8266_RTOS_SDK/components/esp8266/lib/libgcc.a
LOAD /home/trex/.espressif/tools/xtensa-lx106-elf/esp-2020r3-49-gd5524c1-8.4.0/xtensa-lx106-elf/bin/../lib/gcc/xtensa-lx106-elf/8.4.0/../../../../xtensa-lx106-elf/lib/libstdc++.a
LOAD /home/trex/.espressif/tools/xtensa-lx106-elf/esp-2020r3-49-gd5524c1-8.4.0/xtensa-lx106-elf/bin/../lib/gcc/xtensa-lx106-elf/8.4.0/libgcov.a
END GROUP

.text           0x0000000040100000     0x1414
                0x0000000040100000                _stext = .
                0x0000000040100000                _text_start = ABSOLUTE (.)
                0x0000000040100000                . = ALIGN (0x10)
 *(.entry.text)
 *(.init.literal)
 *(.init)
 *(.literal .text .literal.* .text.* .stub .gnu.warning .gnu.linkonce.literal.* .gnu.linkonce.t.*.literal .gnu.linkonce.t.*)
 .literal.selected_boot_partition
                0x0000000040100000        0x0 /home/trex/esp/LAB3/build/bootloader/main/libmain.a(bootloader_start.o)
                                          0x4 (size before relaxing)
 .literal.select_image
                0x0000000040100000        0x4 /home/trex/esp/LAB3/build/bootloader/main/libmain.a(bootloader_start.o)
                                         0x10 (size before relaxing)
 .literal.call_start_cpu
                0x0000000040100004        0x0 /home/trex/esp/LAB3/build/bootloader/main/libmain.a(bootloader_start.o)
                                          0xc (size before relaxing)
 .literal.update_flash_config
                0x0000000040100004        0x4 /home/trex/esp/LAB3/build/bootloader/bootloader_support/libbootloader_support.a(bootloader_init.o)
                                          0x8 (size before relaxing)
 .literal.bootloader_main
                0x0000000040100008        0x0 /home/trex/esp/LAB3/build/bootloader/bootloader_support/libbootloader_support.a(bootloader_init.o)
                                          0xc (size before relaxing)
 .literal.bootloader_init
                0x0000000040100008        0x8 /home/trex/esp/LAB3/build/bootloader/bootloader_support/libbootloader_support.a(bootloader_init.o)
                                         0x10 (size before relaxing)
 .literal.bootloader_utility_start_image
                0x0000000040100010        0x0 /home/trex/esp/LAB3/build/bootloader/bootloader_support/libbootloader_support.a(bootloader_utility.o)
                                          0x4 (size before relaxing)
 .literal.try_load_partition
                0x0000000040100010        0x0 /home/trex/esp/LAB3/build/bootloader/bootloader_support/libbootloader_support.a(bootloader_utility.o)
                                          0x4 (size before relaxing)
 .literal.bootloader_utility_load_partition_table
                0x0000000040100010       0x10 /home/trex/esp/LAB3/build/bootloader/bootloader_support/libbootloader_support.a(bootloader_utility.o)
                                         0x1c (size before relaxing)
 .literal.bootloader_utility_get_selected_boot_partition
                0x0000000040100020        0x8 /home/trex/esp/LAB3/build/bootloader/bootloader_support/libbootloader_support.a(bootloader_utility.o)
                                         0x28 (size before relaxing)
 .literal.bootloader_utility_load_boot_image
                0x0000000040100028        0x0 /home/trex/esp/LAB3/build/bootloader/bootloader_support/libbootloader_support.a(bootloader_utility.o)
                                         0x1c (size before relaxing)
 .literal.bootloader_utility_load_image
                0x0000000040100028        0x0 /home/trex/esp/LAB3/build/bootloader/bootloader_support/libbootloader_support.a(bootloader_utility.o)
                                          0x4 (size before relaxing)
 .literal.bootloader_common_ota_select_crc
                0x0000000040100028        0x0 /home/trex/esp/LAB3/build/bootloader/bootloader_support/libbootloader_support.a(bootloader_common.o)
                                          0x4 (size before relaxing)
 .literal.bootloader_common_ota_select_valid
                0x0000000040100028        0x0 /home/trex/esp/LAB3/build/bootloader/bootloader_support/libbootloader_support.a(bootloader_common.o)
                                          0x4 (size before relaxing)
 .literal.esp_partition_table_basic_verify
                0x0000000040100028        0xc /home/trex/esp/LAB3/build/bootloader/bootloader_support/libbootloader_support.a(flash_partitions.o)
                                         0x10 (size before relaxing)
 .literal.verify_image_header
                0x0000000040100034        0x4 /home/trex/esp/LAB3/build/bootloader/bootloader_support/libbootloader_support.a(esp_image_format.o)
 .literal.should_map
                0x0000000040100038        0x8 /home/trex/esp/LAB3/build/bootloader/bootloader_support/libbootloader_support.a(esp_image_format.o)
 .literal.should_load
                0x0000000040100040        0x0 /home/trex/esp/LAB3/build/bootloader/bootloader_support/libbootloader_support.a(esp_image_format.o)
                                          0x4 (size before relaxing)
 .literal.process_segment_data
                0x0000000040100040        0x4 /home/trex/esp/LAB3/build/bootloader/bootloader_support/libbootloader_support.a(esp_image_format.o)
                                          0x8 (size before relaxing)
 .literal.verify_checksum
                0x0000000040100044        0x0 /home/trex/esp/LAB3/build/bootloader/bootloader_support/libbootloader_support.a(esp_image_format.o)
                                          0x8 (size before relaxing)
 .literal.process_segment
                0x0000000040100044        0x0 /home/trex/esp/LAB3/build/bootloader/bootloader_support/libbootloader_support.a(esp_image_format.o)
                                         0x14 (size before relaxing)
 .literal.esp_image_load
                0x0000000040100044        0x4 /home/trex/esp/LAB3/build/bootloader/bootloader_support/libbootloader_support.a(esp_image_format.o)
                                         0x20 (size before relaxing)
 .literal.bootloader_flash_read_no_decrypt
                0x0000000040100048        0x4 /home/trex/esp/LAB3/build/bootloader/bootloader_support/libbootloader_support.a(bootloader_flash.o)
 .literal.bootloader_mmap
                0x000000004010004c       0x24 /home/trex/esp/LAB3/build/bootloader/bootloader_support/libbootloader_support.a(bootloader_flash.o)
                                         0x28 (size before relaxing)
 .literal.bootloader_munmap
                0x0000000040100070        0x0 /home/trex/esp/LAB3/build/bootloader/bootloader_support/libbootloader_support.a(bootloader_flash.o)
                                          0x8 (size before relaxing)
 .literal.bootloader_flash_read
                0x0000000040100070        0x0 /home/trex/esp/LAB3/build/bootloader/bootloader_support/libbootloader_support.a(bootloader_flash.o)
                                          0x4 (size before relaxing)
 .literal.spi_user_cmd
                0x0000000040100070        0x4 /home/trex/esp/LAB3/build/bootloader/spi_flash/libspi_flash.a(spi_flash.o)
                                          0xc (size before relaxing)
 .literal.special_flash_read_status
                0x0000000040100074        0x0 /home/trex/esp/LAB3/build/bootloader/spi_flash/libspi_flash.a(spi_flash.o)
                                          0x4 (size before relaxing)
 .literal.flash_gd25q32c_read_status
                0x0000000040100074        0x0 /home/trex/esp/LAB3/build/bootloader/spi_flash/libspi_flash.a(spi_flash.o)
                                          0x4 (size before relaxing)
 .literal.special_flash_write_status
                0x0000000040100074        0x0 /home/trex/esp/LAB3/build/bootloader/spi_flash/libspi_flash.a(spi_flash.o)
                                          0x8 (size before relaxing)
 .literal.spi_flash_enable_qio_bit6
                0x0000000040100074        0x0 /home/trex/esp/LAB3/build/bootloader/spi_flash/libspi_flash.a(spi_flash.o)
                                          0x4 (size before relaxing)
 .literal.flash_gd25q32c_write_status
                0x0000000040100074        0x0 /home/trex/esp/LAB3/build/bootloader/spi_flash/libspi_flash.a(spi_flash.o)
                                          0x4 (size before relaxing)
 .literal.flash_gd25q32c_enable_QIO_mode
                0x0000000040100074        0x0 /home/trex/esp/LAB3/build/bootloader/spi_flash/libspi_flash.a(spi_flash.o)
                                          0xc (size before relaxing)
 .literal.en25q16x_read_sfdp
                0x0000000040100074        0x4 /home/trex/esp/LAB3/build/bootloader/spi_flash/libspi_flash.a(spi_flash.o)
                                          0x8 (size before relaxing)
 .literal.spi_flash_get_id
                0x0000000040100078        0x0 /home/trex/esp/LAB3/build/bootloader/spi_flash/libspi_flash.a(spi_flash.o)
                                          0xc (size before relaxing)
 .literal.spi_flash_read_status
                0x0000000040100078        0x0 /home/trex/esp/LAB3/build/bootloader/spi_flash/libspi_flash.a(spi_flash.o)
                                          0xc (size before relaxing)
 .literal.spi_flash_issi_enable_QIO_mode
                0x0000000040100078        0x0 /home/trex/esp/LAB3/build/bootloader/spi_flash/libspi_flash.a(spi_flash.o)
                                          0xc (size before relaxing)
 .literal.special_flash_set_mode
                0x0000000040100078        0x0 /home/trex/esp/LAB3/build/bootloader/spi_flash/libspi_flash.a(spi_flash.o)
                                          0x8 (size before relaxing)
 .literal.en25q16x_write_volatile_status
                0x0000000040100078        0x0 /home/trex/esp/LAB3/build/bootloader/spi_flash/libspi_flash.a(spi_flash.o)
                                         0x14 (size before relaxing)
 .literal.user_spi_flash_dio_to_qio_pre_init
                0x0000000040100078        0xc /home/trex/esp/LAB3/build/bootloader/spi_flash/libspi_flash.a(spi_flash.o)
                                         0x30 (size before relaxing)
 .literal.esp_spi_flash_init
                0x0000000040100084       0x18 /home/trex/esp/LAB3/build/bootloader/spi_flash/libspi_flash.a(spi_flash.o)
                                         0x1c (size before relaxing)
 .literal.Cache_Read_Disable_2
                0x000000004010009c        0xc /home/trex/esp/LAB3/build/bootloader/spi_flash/libspi_flash.a(spi_flash_raw.o)
                                         0x10 (size before relaxing)
 .literal.Cache_Read_Enable_2
                0x00000000401000a8        0x4 /home/trex/esp/LAB3/build/bootloader/spi_flash/libspi_flash.a(spi_flash_raw.o)
                                          0xc (size before relaxing)
 .literal.spi_flash_get_id_raw
                0x00000000401000ac       0x10 /home/trex/esp/LAB3/build/bootloader/spi_flash/libspi_flash.a(spi_flash_raw.o)
                                         0x1c (size before relaxing)
 .literal.spi_flash_read_status_raw
                0x00000000401000bc        0x4 /home/trex/esp/LAB3/build/bootloader/spi_flash/libspi_flash.a(spi_flash_raw.o)
                                          0xc (size before relaxing)
 .literal.spi_flash_enable_qmode_raw
                0x00000000401000c0        0x4 /home/trex/esp/LAB3/build/bootloader/spi_flash/libspi_flash.a(spi_flash_raw.o)
                                         0x10 (size before relaxing)
 .literal.spi_user_cmd_raw
                0x00000000401000c4       0x64 /home/trex/esp/LAB3/build/bootloader/spi_flash/libspi_flash.a(spi_flash_raw.o)
                                         0x8c (size before relaxing)
 .literal.spi_flash_switch_to_qio_raw
                0x0000000040100128        0x8 /home/trex/esp/LAB3/build/bootloader/spi_flash/libspi_flash.a(spi_flash_raw.o)
                                          0xc (size before relaxing)
 .literal.crc32_le
                0x0000000040100130        0x4 /home/trex/esp/LAB3/build/bootloader/esp8266/libesp8266.a(crc.o)
 .text.selected_boot_partition
                0x0000000040100134        0xf /home/trex/esp/LAB3/build/bootloader/main/libmain.a(bootloader_start.o)
                                         0x13 (size before relaxing)
 *fill*         0x0000000040100143        0x1 
 .text.select_image
                0x0000000040100144       0x57 /home/trex/esp/LAB3/build/bootloader/main/libmain.a(bootloader_start.o)
                                         0x63 (size before relaxing)
 *fill*         0x000000004010019b        0x1 
 .text.call_start_cpu
                0x000000004010019c       0x26 /home/trex/esp/LAB3/build/bootloader/main/libmain.a(bootloader_start.o)
                                         0x2e (size before relaxing)
                0x000000004010019c                call_start_cpu
 *fill*         0x00000000401001c2        0x2 
 .text.update_flash_config
                0x00000000401001c4       0x21 /home/trex/esp/LAB3/build/bootloader/bootloader_support/libbootloader_support.a(bootloader_init.o)
 *fill*         0x00000000401001e5        0x3 
 .text.bootloader_main
                0x00000000401001e8       0x31 /home/trex/esp/LAB3/build/bootloader/bootloader_support/libbootloader_support.a(bootloader_init.o)
                                         0x39 (size before relaxing)
 *fill*         0x0000000040100219        0x3 
 .text.bootloader_init
                0x000000004010021c       0x25 /home/trex/esp/LAB3/build/bootloader/bootloader_support/libbootloader_support.a(bootloader_init.o)
                                         0x29 (size before relaxing)
                0x000000004010021c                bootloader_init
 *fill*         0x0000000040100241        0x3 
 .text.bootloader_utility_start_image
                0x0000000040100244       0x20 /home/trex/esp/LAB3/build/bootloader/bootloader_support/libbootloader_support.a(bootloader_utility.o)
                                         0x24 (size before relaxing)
 .text.try_load_partition
                0x0000000040100264       0x2a /home/trex/esp/LAB3/build/bootloader/bootloader_support/libbootloader_support.a(bootloader_utility.o)
 *fill*         0x000000004010028e        0x2 
 .text.bootloader_utility_load_partition_table
                0x0000000040100290       0xce /home/trex/esp/LAB3/build/bootloader/bootloader_support/libbootloader_support.a(bootloader_utility.o)
                                         0xd2 (size before relaxing)
                0x0000000040100290                bootloader_utility_load_partition_table
 *fill*         0x000000004010035e        0x2 
 .text.bootloader_utility_get_selected_boot_partition
                0x0000000040100360       0xd7 /home/trex/esp/LAB3/build/bootloader/bootloader_support/libbootloader_support.a(bootloader_utility.o)
                                         0xe3 (size before relaxing)
                0x0000000040100360                bootloader_utility_get_selected_boot_partition
 *fill*         0x0000000040100437        0x1 
 .text.bootloader_utility_load_boot_image
                0x0000000040100438       0xa3 /home/trex/esp/LAB3/build/bootloader/bootloader_support/libbootloader_support.a(bootloader_utility.o)
                                         0xb3 (size before relaxing)
                0x0000000040100438                bootloader_utility_load_boot_image
 *fill*         0x00000000401004db        0x1 
 .text.bootloader_utility_load_image
                0x00000000401004dc       0x19 /home/trex/esp/LAB3/build/bootloader/bootloader_support/libbootloader_support.a(bootloader_utility.o)
                0x00000000401004dc                bootloader_utility_load_image
 *fill*         0x00000000401004f5        0x3 
 .text.bootloader_common_ota_select_crc
                0x00000000401004f8       0x18 /home/trex/esp/LAB3/build/bootloader/bootloader_support/libbootloader_support.a(bootloader_common.o)
                0x00000000401004f8                bootloader_common_ota_select_crc
 .text.bootloader_common_ota_select_valid
                0x0000000040100510       0x2c /home/trex/esp/LAB3/build/bootloader/bootloader_support/libbootloader_support.a(bootloader_common.o)
                0x0000000040100510                bootloader_common_ota_select_valid
 .text.esp_partition_table_basic_verify
                0x000000004010053c       0x8d /home/trex/esp/LAB3/build/bootloader/bootloader_support/libbootloader_support.a(flash_partitions.o)
                0x000000004010053c                esp_partition_table_basic_verify
 *fill*         0x00000000401005c9        0x3 
 .text.verify_image_header
                0x00000000401005cc       0x15 /home/trex/esp/LAB3/build/bootloader/bootloader_support/libbootloader_support.a(esp_image_format.o)
 *fill*         0x00000000401005e1        0x3 
 .text.should_map
                0x00000000401005e4       0x15 /home/trex/esp/LAB3/build/bootloader/bootloader_support/libbootloader_support.a(esp_image_format.o)
 *fill*         0x00000000401005f9        0x3 
 .text.should_load
                0x00000000401005fc       0x19 /home/trex/esp/LAB3/build/bootloader/bootloader_support/libbootloader_support.a(esp_image_format.o)
                                         0x1d (size before relaxing)
 *fill*         0x0000000040100615        0x3 
 .text.process_segment_data
                0x0000000040100618       0x70 /home/trex/esp/LAB3/build/bootloader/bootloader_support/libbootloader_support.a(esp_image_format.o)
 .text.verify_checksum
                0x0000000040100688       0x71 /home/trex/esp/LAB3/build/bootloader/bootloader_support/libbootloader_support.a(esp_image_format.o)
                                         0x75 (size before relaxing)
 *fill*         0x00000000401006f9        0x3 
 .text.process_segment
                0x00000000401006fc       0xa1 /home/trex/esp/LAB3/build/bootloader/bootloader_support/libbootloader_support.a(esp_image_format.o)
                                         0xa9 (size before relaxing)
 *fill*         0x000000004010079d        0x3 
 .text.esp_image_load
                0x00000000401007a0      0x13d /home/trex/esp/LAB3/build/bootloader/bootloader_support/libbootloader_support.a(esp_image_format.o)
                                        0x145 (size before relaxing)
                0x00000000401007a0                esp_image_load
 *fill*         0x00000000401008dd        0x3 
 .text.bootloader_flash_read_no_decrypt
                0x00000000401008e0       0x15 /home/trex/esp/LAB3/build/bootloader/bootloader_support/libbootloader_support.a(bootloader_flash.o)
 *fill*         0x00000000401008f5        0x3 
 .text.bootloader_mmap
                0x00000000401008f8       0x8b /home/trex/esp/LAB3/build/bootloader/bootloader_support/libbootloader_support.a(bootloader_flash.o)
                0x00000000401008f8                bootloader_mmap
 *fill*         0x0000000040100983        0x1 
 .text.bootloader_munmap
                0x0000000040100984       0x23 /home/trex/esp/LAB3/build/bootloader/bootloader_support/libbootloader_support.a(bootloader_flash.o)
                0x0000000040100984                bootloader_munmap
 *fill*         0x00000000401009a7        0x1 
 .text.bootloader_flash_read
                0x00000000401009a8       0x2f /home/trex/esp/LAB3/build/bootloader/bootloader_support/libbootloader_support.a(bootloader_flash.o)
                                         0x33 (size before relaxing)
                0x00000000401009a8                bootloader_flash_read
 *fill*         0x00000000401009d7        0x1 
 .text.spi_user_cmd
                0x00000000401009d8       0x4d /home/trex/esp/LAB3/build/bootloader/spi_flash/libspi_flash.a(spi_flash.o)
                0x00000000401009d8                spi_user_cmd
 *fill*         0x0000000040100a25        0x3 
 .text.special_flash_read_status
                0x0000000040100a28       0x39 /home/trex/esp/LAB3/build/bootloader/spi_flash/libspi_flash.a(spi_flash.o)
                                         0x3d (size before relaxing)
                0x0000000040100a28                special_flash_read_status
 *fill*         0x0000000040100a61        0x3 
 .text.flash_gd25q32c_read_status
                0x0000000040100a64       0x33 /home/trex/esp/LAB3/build/bootloader/spi_flash/libspi_flash.a(spi_flash.o)
 *fill*         0x0000000040100a97        0x1 
 .text.special_flash_write_status
                0x0000000040100a98       0x5c /home/trex/esp/LAB3/build/bootloader/spi_flash/libspi_flash.a(spi_flash.o)
                                         0x60 (size before relaxing)
                0x0000000040100a98                special_flash_write_status
 .text.spi_flash_enable_qio_bit6
                0x0000000040100af4       0x17 /home/trex/esp/LAB3/build/bootloader/spi_flash/libspi_flash.a(spi_flash.o)
                                         0x1b (size before relaxing)
 *fill*         0x0000000040100b0b        0x1 
 .text.flash_gd25q32c_write_status
                0x0000000040100b0c       0x30 /home/trex/esp/LAB3/build/bootloader/spi_flash/libspi_flash.a(spi_flash.o)
 .text.flash_gd25q32c_enable_QIO_mode
                0x0000000040100b3c       0x3e /home/trex/esp/LAB3/build/bootloader/spi_flash/libspi_flash.a(spi_flash.o)
                                         0x46 (size before relaxing)
 *fill*         0x0000000040100b7a        0x2 
 .text.en25q16x_read_sfdp
                0x0000000040100b7c       0x43 /home/trex/esp/LAB3/build/bootloader/spi_flash/libspi_flash.a(spi_flash.o)
                0x0000000040100b7c                en25q16x_read_sfdp
 *fill*         0x0000000040100bbf        0x1 
 .text.spi_flash_get_id
                0x0000000040100bc0       0x26 /home/trex/esp/LAB3/build/bootloader/spi_flash/libspi_flash.a(spi_flash.o)
                0x0000000040100bc0                spi_flash_get_id
 *fill*         0x0000000040100be6        0x2 
 .text.spi_flash_read_status
                0x0000000040100be8       0x28 /home/trex/esp/LAB3/build/bootloader/spi_flash/libspi_flash.a(spi_flash.o)
                0x0000000040100be8                spi_flash_read_status
 .text.spi_flash_issi_enable_QIO_mode
                0x0000000040100c10       0x43 /home/trex/esp/LAB3/build/bootloader/spi_flash/libspi_flash.a(spi_flash.o)
                                         0x4b (size before relaxing)
 *fill*         0x0000000040100c53        0x1 
 .text.special_flash_set_mode
                0x0000000040100c54       0x41 /home/trex/esp/LAB3/build/bootloader/spi_flash/libspi_flash.a(spi_flash.o)
                                         0x45 (size before relaxing)
                0x0000000040100c54                special_flash_set_mode
 *fill*         0x0000000040100c95        0x3 
 .text.en25q16x_write_volatile_status
                0x0000000040100c98       0x4f /home/trex/esp/LAB3/build/bootloader/spi_flash/libspi_flash.a(spi_flash.o)
                                         0x5b (size before relaxing)
                0x0000000040100c98                en25q16x_write_volatile_status
 *fill*         0x0000000040100ce7        0x1 
 .text.user_spi_flash_dio_to_qio_pre_init
                0x0000000040100ce8       0x95 /home/trex/esp/LAB3/build/bootloader/spi_flash/libspi_flash.a(spi_flash.o)
                                         0xa1 (size before relaxing)
                0x0000000040100ce8                user_spi_flash_dio_to_qio_pre_init
 *fill*         0x0000000040100d7d        0x3 
 .text.esp_spi_flash_init
                0x0000000040100d80       0xb1 /home/trex/esp/LAB3/build/bootloader/spi_flash/libspi_flash.a(spi_flash.o)
                0x0000000040100d80                esp_spi_flash_init
 *fill*         0x0000000040100e31        0x3 
 .text.Cache_Read_Disable_2
                0x0000000040100e34       0x34 /home/trex/esp/LAB3/build/bootloader/spi_flash/libspi_flash.a(spi_flash_raw.o)
                0x0000000040100e34                Cache_Read_Disable_2
 .text.Cache_Read_Enable_2
                0x0000000040100e68       0x28 /home/trex/esp/LAB3/build/bootloader/spi_flash/libspi_flash.a(spi_flash_raw.o)
                0x0000000040100e68                Cache_Read_Enable_New
                0x0000000040100e68                Cache_Read_Enable_2
 .text.spi_flash_get_id_raw
                0x0000000040100e90       0x57 /home/trex/esp/LAB3/build/bootloader/spi_flash/libspi_flash.a(spi_flash_raw.o)
                0x0000000040100e90                spi_flash_get_id_raw
 *fill*         0x0000000040100ee7        0x1 
 .text.spi_flash_read_status_raw
                0x0000000040100ee8       0x2f /home/trex/esp/LAB3/build/bootloader/spi_flash/libspi_flash.a(spi_flash_raw.o)
                                         0x33 (size before relaxing)
                0x0000000040100ee8                spi_flash_read_status_raw
 *fill*         0x0000000040100f17        0x1 
 .text.spi_flash_enable_qmode_raw
                0x0000000040100f18       0x33 /home/trex/esp/LAB3/build/bootloader/spi_flash/libspi_flash.a(spi_flash_raw.o)
                                         0x37 (size before relaxing)
                0x0000000040100f18                spi_flash_enable_qmode_raw
 *fill*         0x0000000040100f4b        0x1 
 .text.spi_user_cmd_raw
                0x0000000040100f4c      0x3df /home/trex/esp/LAB3/build/bootloader/spi_flash/libspi_flash.a(spi_flash_raw.o)
                0x0000000040100f4c                spi_user_cmd_raw
 *fill*         0x000000004010132b        0x1 
 .text.spi_flash_switch_to_qio_raw
                0x000000004010132c       0x25 /home/trex/esp/LAB3/build/bootloader/spi_flash/libspi_flash.a(spi_flash_raw.o)
                0x000000004010132c                spi_flash_switch_to_qio_raw
 *fill*         0x0000000040101351        0x3 
 .text.crc32_le
                0x0000000040101354       0x31 /home/trex/esp/LAB3/build/bootloader/esp8266/libesp8266.a(crc.o)
                0x0000000040101354                crc32_le
 *fill*         0x0000000040101385        0x3 
 .text.phy_reg_default
                0x0000000040101388       0x36 /home/trex/esp/ESP8266_RTOS_SDK/components/esp8266/lib/libcore.a(phy.o)
                0x0000000040101398                phy_reg_default
 *fill*         0x00000000401013be        0x0 
 *fill*         0x00000000401013be        0x0 
 *fill*         0x00000000401013be        0x0 
 *fill*         0x00000000401013be        0x0 
 *fill*         0x00000000401013be        0x0 
 *fill*         0x00000000401013be        0x2 
 .text.index_to_partition
                0x00000000401013c0       0x4d /home/trex/esp/LAB3/build/bootloader/bootloader_support/libbootloader_support.a(bootloader_utility.o)
 *fill*         0x000000004010140d        0x0 
 *fill*         0x000000004010140d        0x0 
 *fill*         0x000000004010140d        0x0 
 *fill*         0x000000004010140d        0x0 
 *fill*         0x000000004010140d        0x0 
 *fill*         0x000000004010140d        0x0 
 *fill*         0x000000004010140d        0x0 
 *fill*         0x000000004010140d        0x3 
 .text.verify_segment_header
                0x0000000040101410        0x4 /home/trex/esp/LAB3/build/bootloader/bootloader_support/libbootloader_support.a(esp_image_format.o)
 *fill*         0x0000000040101414        0x0 
 *fill*         0x0000000040101414        0x0 
 *fill*         0x0000000040101414        0x0 
 *fill*         0x0000000040101414        0x0 
 *fill*         0x0000000040101414        0x0 
 *fill*         0x0000000040101414        0x0 
 *fill*         0x0000000040101414        0x0 
 *fill*         0x0000000040101414        0x0 
 *fill*         0x0000000040101414        0x0 
 *fill*         0x0000000040101414        0x0 
 *fill*         0x0000000040101414        0x0 
 *fill*         0x0000000040101414        0x0 
 *fill*         0x0000000040101414        0x0 
 *fill*         0x0000000040101414        0x0 
 *fill*         0x0000000040101414        0x0 
 *fill*         0x0000000040101414        0x0 
 *fill*         0x0000000040101414        0x0 
 *fill*         0x0000000040101414        0x0 
 *fill*         0x0000000040101414        0x0 
 *fill*         0x0000000040101414        0x0 
 *fill*         0x0000000040101414        0x0 
 *fill*         0x0000000040101414        0x0 
 *fill*         0x0000000040101414        0x0 
 *fill*         0x0000000040101414        0x0 
 *fill*         0x0000000040101414        0x0 
 *fill*         0x0000000040101414        0x0 
 *fill*         0x0000000040101414        0x0 
 *(.iram1 .iram1.*)
 *(.fini.literal)
 *(.fini)
 *(.gnu.version)
                0x0000000040101414                _text_end = ABSOLUTE (.)
                0x0000000040101414                _etext = .

.bss            0x000000003ffe8000      0x408
                0x000000003ffe8000                . = ALIGN (0x8)
                0x000000003ffe8000                _bss_start = ABSOLUTE (.)
 *(.dynsbss)
 *(.sbss)
 *(.sbss.*)
 *(.gnu.linkonce.sb.*)
 *(.scommon)
 *(.sbss2)
 *(.sbss2.*)
 *(.gnu.linkonce.sb2.*)
 *(.dynbss)
 *(.bss)
 *(.bss.*)
 .bss.pbuf$3623
                0x000000003ffe8000      0x400 /home/trex/esp/LAB3/build/bootloader/bootloader_support/libbootloader_support.a(esp_image_format.o)
 .bss.mapped    0x000000003ffe8400        0x1 /home/trex/esp/LAB3/build/bootloader/bootloader_support/libbootloader_support.a(bootloader_flash.o)
 .bss.FlashIsOnGoing
                0x000000003ffe8401        0x1 /home/trex/esp/LAB3/build/bootloader/spi_flash/libspi_flash.a(spi_flash.o)
                0x000000003ffe8401                FlashIsOnGoing
 *(.gnu.linkonce.b.*)
 *(COMMON)
                0x000000003ffe8408                . = ALIGN (0x8)
 *fill*         0x000000003ffe8402        0x6 
                0x000000003ffe8408                _bss_end = ABSOLUTE (.)

.data           0x000000003ffe8408       0x18
                0x000000003ffe8408                _data_start = ABSOLUTE (.)
 *(.data)
 *(.data.*)
 .data.g_rom_flashchip
                0x000000003ffe8408       0x18 /home/trex/esp/LAB3/build/bootloader/spi_flash/libspi_flash.a(spi_flash.o)
                0x000000003ffe8408                g_rom_flashchip
 *(.gnu.linkonce.d.*)
 *(.data1)
 *(.sdata)
 *(.sdata.*)
 *(.gnu.linkonce.s.*)
 *(.sdata2)
 *(.sdata2.*)
 *(.gnu.linkonce.s2.*)
 *(.jcr)
                0x000000003ffe8420                _data_end = ABSOLUTE (.)

.rodata         0x000000003ffe8420      0x400
                0x000000003ffe8420                _rodata_start = ABSOLUTE (.)
 *(.rodata)
 *(.rodata.*)
 .rodata.crc32_le_table
                0x000000003ffe8420      0x400 /home/trex/esp/LAB3/build/bootloader/esp8266/libesp8266.a(crc.o)
 *(.gnu.linkonce.r.*)
 *(.rodata1)
                0x000000003ffe8820                __XT_EXCEPTION_TABLE_ = ABSOLUTE (.)
 *(.xt_except_table)
 *(.gcc_except_table)
 *(.gnu.linkonce.e.*)
 *(.gnu.version_r)
 *(.eh_frame)
                0x000000003ffe8820                . = ((. + 0x3) & 0xfffffffffffffffc)
                0x000000003ffe8820                __init_array_start = ABSOLUTE (.)
 *crtbegin.o(.ctors)
 *(EXCLUDE_FILE(*crtend.o) .ctors)
 *(SORT_BY_NAME(.ctors.*))
 *(.ctors)
                0x000000003ffe8820                __init_array_end = ABSOLUTE (.)
 *crtbegin.o(.dtors)
 *(EXCLUDE_FILE(*crtend.o) .dtors)
 *(SORT_BY_NAME(.dtors.*))
 *(.dtors)
                0x000000003ffe8820                __XT_EXCEPTION_DESCS_ = ABSOLUTE (.)
 *(.xt_except_desc)
 *(.gnu.linkonce.h.*)
                0x000000003ffe8820                __XT_EXCEPTION_DESCS_END__ = ABSOLUTE (.)
 *(.xt_except_desc_end)
 *(.dynamic)
 *(.gnu.version_d)
                0x000000003ffe8820                _rodata_end = ABSOLUTE (.)
                0x000000003ffe8820                _lit4_start = ABSOLUTE (.)
 *(*.lit4)
 *(.lit4.*)
 *(.gnu.linkonce.lit4.*)
                0x000000003ffe8820                _lit4_end = ABSOLUTE (.)
                0x000000003ffe8820                . = ALIGN (0x4)
                0x000000003ffe8820                _heap_start = ABSOLUTE (.)
                0x0000000060001100                PROVIDE (rtc_sys_info = 0x60001100)
                0x00000000400040c0                PROVIDE (SPI_sector_erase = 0x400040c0)
                0x0000000040004174                PROVIDE (SPI_page_program = 0x40004174)
                0x00000000400042ac                PROVIDE (SPI_read_data = 0x400042ac)
                0x00000000400043c8                PROVIDE (SPI_read_status = 0x400043c8)
                0x0000000040004400                PROVIDE (SPI_write_status = 0x40004400)
                0x000000004000443c                PROVIDE (SPI_write_enable = 0x4000443c)
                0x000000004000448c                PROVIDE (Wait_SPI_Idle = 0x4000448c)
                0x00000000400044c0                PROVIDE (Enable_QMode = 0x400044c0)
                [!provide]                        PROVIDE (Disable_QMode = 0x40004508)
                0x0000000040004678                PROVIDE (Cache_Read_Enable = 0x40004678)
                0x00000000400047f0                PROVIDE (Cache_Read_Disable = 0x400047f0)
                [!provide]                        PROVIDE (lldesc_build_chain = 0x40004f40)
                [!provide]                        PROVIDE (lldesc_num2link = 0x40005050)
                [!provide]                        PROVIDE (lldesc_set_owner = 0x4000507c)
                0x000000004000c538                __adddf3 = 0x4000c538
                0x000000004000c180                __addsf3 = 0x4000c180
                0x000000004000cb94                __divdf3 = 0x4000cb94
                0x000000004000ce60                __divdi3 = 0x4000ce60
                0x000000004000dc88                __divsi3 = 0x4000dc88
                0x000000004000cdfc                __extendsfdf2 = 0x4000cdfc
                0x000000004000ccb8                __fixdfsi = 0x4000ccb8
                0x000000004000cd00                __fixunsdfsi = 0x4000cd00
                0x000000004000c4c4                __fixunssfsi = 0x4000c4c4
                0x000000004000e2f0                __floatsidf = 0x4000e2f0
                0x000000004000e2ac                __floatsisf = 0x4000e2ac
                0x000000004000e2e8                __floatunsidf = 0x4000e2e8
                0x000000004000e2a4                __floatunsisf = 0x4000e2a4
                0x000000004000c8f0                __muldf3 = 0x4000c8f0
                0x0000000040000650                __muldi3 = 0x40000650
                0x000000004000c3dc                __mulsf3 = 0x4000c3dc
                0x000000004000c688                __subdf3 = 0x4000c688
                0x000000004000c268                __subsf3 = 0x4000c268
                0x000000004000cd5c                __truncdfsf2 = 0x4000cd5c
                0x000000004000d310                __udivdi3 = 0x4000d310
                0x000000004000e21c                __udivsi3 = 0x4000e21c
                0x000000004000d770                __umoddi3 = 0x4000d770
                0x000000004000e268                __umodsi3 = 0x4000e268
                0x000000004000dcf0                __umulsidi3 = 0x4000dcf0
                0x000000004000de84                bzero = 0x4000de84
                0x000000004000dea8                memcmp = 0x4000dea8
                0x000000004000df48                memcpy = 0x4000df48
                0x000000004000e04c                memmove = 0x4000e04c
                0x000000004000e190                memset = 0x4000e190
                0x000000004000bdc8                strcmp = 0x4000bdc8
                0x000000004000bec8                strcpy = 0x4000bec8
                0x000000004000bf4c                strlen = 0x4000bf4c
                0x000000004000bfa8                strncmp = 0x4000bfa8
                0x000000004000c0a0                strncpy = 0x4000c0a0
                0x000000004000e1e0                strstr = 0x4000e1e0
                0x0000000040004cf0                PROVIDE (gpio_input_get = 0x40004cf0)
                [!provide]                        PROVIDE (gpio_pin_wakeup_disable = 0x40004ed4)
                [!provide]                        PROVIDE (gpio_pin_wakeup_enable = 0x40004e90)
                0x0000000040001f00                PROVIDE (ets_io_vprintf = 0x40001f00)
                [!provide]                        PROVIDE (uart_rx_one_char = 0x40003b8c)
                [!provide]                        PROVIDE (rom_i2c_readReg = 0x40007268)
                [!provide]                        PROVIDE (rom_i2c_readReg_Mask = 0x4000729c)
                [!provide]                        PROVIDE (rom_i2c_writeReg = 0x400072d8)
                [!provide]                        PROVIDE (rom_i2c_writeReg_Mask = 0x4000730c)
                [!provide]                        PROVIDE (rom_software_reboot = 0x40000080)
                [!provide]                        PROVIDE (ets_memcpy = 0x400018b4)
                0x0000000040004b1c                PROVIDE (SPIRead = 0x40004b1c)
                0x0000000040004a4c                PROVIDE (SPIWrite = 0x40004a4c)
                0x0000000040004a00                PROVIDE (SPIEraseSector = 0x40004a00)
                [!provide]                        PROVIDE (gpio_input_get = 0x40004cf0)
                [!provide]                        PROVIDE (xthal_get_ccount = 0x4000dd38)
                [!provide]                        PROVIDE (uart_div_modify = 0x400039d8)
                [!provide]                        PROVIDE (ets_io_vprintf = 0x40001f00)
OUTPUT(/home/trex/esp/LAB3/build/bootloader/bootloader.elf elf32-xtensa-le)

.debug_frame    0x0000000000000000      0x9a8
 .debug_frame   0x0000000000000000       0x74 /home/trex/esp/LAB3/build/bootloader/main/libmain.a(bootloader_start.o)
 .debug_frame   0x0000000000000074       0x70 /home/trex/esp/LAB3/build/bootloader/bootloader_support/libbootloader_support.a(bootloader_init.o)
 .debug_frame   0x00000000000000e4      0x11c /home/trex/esp/LAB3/build/bootloader/bootloader_support/libbootloader_support.a(bootloader_utility.o)
 .debug_frame   0x0000000000000200       0x74 /home/trex/esp/LAB3/build/bootloader/bootloader_support/libbootloader_support.a(bootloader_common.o)
 .debug_frame   0x0000000000000274       0x38 /home/trex/esp/LAB3/build/bootloader/bootloader_support/libbootloader_support.a(flash_partitions.o)
 .debug_frame   0x00000000000002ac      0x124 /home/trex/esp/LAB3/build/bootloader/bootloader_support/libbootloader_support.a(esp_image_format.o)
 .debug_frame   0x00000000000003d0       0xdc /home/trex/esp/LAB3/build/bootloader/bootloader_support/libbootloader_support.a(bootloader_flash.o)
 .debug_frame   0x00000000000004ac      0x350 /home/trex/esp/LAB3/build/bootloader/spi_flash/libspi_flash.a(spi_flash.o)
 .debug_frame   0x00000000000007fc      0x16c /home/trex/esp/LAB3/build/bootloader/spi_flash/libspi_flash.a(spi_flash_raw.o)
 .debug_frame   0x0000000000000968       0x40 /home/trex/esp/LAB3/build/bootloader/esp8266/libesp8266.a(crc.o)

.debug_info     0x0000000000000000     0x9f97
 .debug_info    0x0000000000000000      0xd4e /home/trex/esp/LAB3/build/bootloader/main/libmain.a(bootloader_start.o)
 .debug_info    0x0000000000000d4e      0xceb /home/trex/esp/LAB3/build/bootloader/bootloader_support/libbootloader_support.a(bootloader_init.o)
 .debug_info    0x0000000000001a39     0x1490 /home/trex/esp/LAB3/build/bootloader/bootloader_support/libbootloader_support.a(bootloader_utility.o)
 .debug_info    0x0000000000002ec9     0x12b3 /home/trex/esp/LAB3/build/bootloader/bootloader_support/libbootloader_support.a(bootloader_common.o)
 .debug_info    0x000000000000417c      0xc11 /home/trex/esp/LAB3/build/bootloader/bootloader_support/libbootloader_support.a(flash_partitions.o)
 .debug_info    0x0000000000004d8d     0x1445 /home/trex/esp/LAB3/build/bootloader/bootloader_support/libbootloader_support.a(esp_image_format.o)
 .debug_info    0x00000000000061d2      0xce2 /home/trex/esp/LAB3/build/bootloader/bootloader_support/libbootloader_support.a(bootloader_flash.o)
 .debug_info    0x0000000000006eb4     0x1dd3 /home/trex/esp/LAB3/build/bootloader/spi_flash/libspi_flash.a(spi_flash.o)
 .debug_info    0x0000000000008c87     0x10c9 /home/trex/esp/LAB3/build/bootloader/spi_flash/libspi_flash.a(spi_flash_raw.o)
 .debug_info    0x0000000000009d50      0x247 /home/trex/esp/LAB3/build/bootloader/esp8266/libesp8266.a(crc.o)

.debug_abbrev   0x0000000000000000     0x1bbf
 .debug_abbrev  0x0000000000000000      0x2a2 /home/trex/esp/LAB3/build/bootloader/main/libmain.a(bootloader_start.o)
 .debug_abbrev  0x00000000000002a2      0x2fe /home/trex/esp/LAB3/build/bootloader/bootloader_support/libbootloader_support.a(bootloader_init.o)
 .debug_abbrev  0x00000000000005a0      0x37e /home/trex/esp/LAB3/build/bootloader/bootloader_support/libbootloader_support.a(bootloader_utility.o)
 .debug_abbrev  0x000000000000091e      0x2c7 /home/trex/esp/LAB3/build/bootloader/bootloader_support/libbootloader_support.a(bootloader_common.o)
 .debug_abbrev  0x0000000000000be5      0x256 /home/trex/esp/LAB3/build/bootloader/bootloader_support/libbootloader_support.a(flash_partitions.o)
 .debug_abbrev  0x0000000000000e3b      0x323 /home/trex/esp/LAB3/build/bootloader/bootloader_support/libbootloader_support.a(esp_image_format.o)
 .debug_abbrev  0x000000000000115e      0x28a /home/trex/esp/LAB3/build/bootloader/bootloader_support/libbootloader_support.a(bootloader_flash.o)
 .debug_abbrev  0x00000000000013e8      0x45b /home/trex/esp/LAB3/build/bootloader/spi_flash/libspi_flash.a(spi_flash.o)
 .debug_abbrev  0x0000000000001843      0x29d /home/trex/esp/LAB3/build/bootloader/spi_flash/libspi_flash.a(spi_flash_raw.o)
 .debug_abbrev  0x0000000000001ae0       0xdf /home/trex/esp/LAB3/build/bootloader/esp8266/libesp8266.a(crc.o)

.debug_loc      0x0000000000000000     0x30a9
 .debug_loc     0x0000000000000000       0x9b /home/trex/esp/LAB3/build/bootloader/main/libmain.a(bootloader_start.o)
 .debug_loc     0x000000000000009b       0x25 /home/trex/esp/LAB3/build/bootloader/bootloader_support/libbootloader_support.a(bootloader_init.o)
 .debug_loc     0x00000000000000c0      0x663 /home/trex/esp/LAB3/build/bootloader/bootloader_support/libbootloader_support.a(bootloader_utility.o)
 .debug_loc     0x0000000000000723      0x18f /home/trex/esp/LAB3/build/bootloader/bootloader_support/libbootloader_support.a(bootloader_common.o)
 .debug_loc     0x00000000000008b2       0xfc /home/trex/esp/LAB3/build/bootloader/bootloader_support/libbootloader_support.a(flash_partitions.o)
 .debug_loc     0x00000000000009ae      0x99e /home/trex/esp/LAB3/build/bootloader/bootloader_support/libbootloader_support.a(esp_image_format.o)
 .debug_loc     0x000000000000134c      0x362 /home/trex/esp/LAB3/build/bootloader/bootloader_support/libbootloader_support.a(bootloader_flash.o)
 .debug_loc     0x00000000000016ae     0x11dd /home/trex/esp/LAB3/build/bootloader/spi_flash/libspi_flash.a(spi_flash.o)
 .debug_loc     0x000000000000288b      0x668 /home/trex/esp/LAB3/build/bootloader/spi_flash/libspi_flash.a(spi_flash_raw.o)
 .debug_loc     0x0000000000002ef3      0x1b6 /home/trex/esp/LAB3/build/bootloader/esp8266/libesp8266.a(crc.o)

.debug_aranges  0x0000000000000000      0x338
 .debug_aranges
                0x0000000000000000       0x30 /home/trex/esp/LAB3/build/bootloader/main/libmain.a(bootloader_start.o)
 .debug_aranges
                0x0000000000000030       0x30 /home/trex/esp/LAB3/build/bootloader/bootloader_support/libbootloader_support.a(bootloader_init.o)
 .debug_aranges
                0x0000000000000060       0x58 /home/trex/esp/LAB3/build/bootloader/bootloader_support/libbootloader_support.a(bootloader_utility.o)
 .debug_aranges
                0x00000000000000b8       0x30 /home/trex/esp/LAB3/build/bootloader/bootloader_support/libbootloader_support.a(bootloader_common.o)
 .debug_aranges
                0x00000000000000e8       0x20 /home/trex/esp/LAB3/build/bootloader/bootloader_support/libbootloader_support.a(flash_partitions.o)
 .debug_aranges
                0x0000000000000108       0x60 /home/trex/esp/LAB3/build/bootloader/bootloader_support/libbootloader_support.a(esp_image_format.o)
 .debug_aranges
                0x0000000000000168       0x48 /home/trex/esp/LAB3/build/bootloader/bootloader_support/libbootloader_support.a(bootloader_flash.o)
 .debug_aranges
                0x00000000000001b0       0xe8 /home/trex/esp/LAB3/build/bootloader/spi_flash/libspi_flash.a(spi_flash.o)
 .debug_aranges
                0x0000000000000298       0x70 /home/trex/esp/LAB3/build/bootloader/spi_flash/libspi_flash.a(spi_flash_raw.o)
 .debug_aranges
                0x0000000000000308       0x30 /home/trex/esp/LAB3/build/bootloader/esp8266/libesp8266.a(crc.o)

.debug_ranges   0x0000000000000000      0x310
 .debug_ranges  0x0000000000000000       0x20 /home/trex/esp/LAB3/build/bootloader/main/libmain.a(bootloader_start.o)
 .debug_ranges  0x0000000000000020       0x20 /home/trex/esp/LAB3/build/bootloader/bootloader_support/libbootloader_support.a(bootloader_init.o)
 .debug_ranges  0x0000000000000040       0x60 /home/trex/esp/LAB3/build/bootloader/bootloader_support/libbootloader_support.a(bootloader_utility.o)
 .debug_ranges  0x00000000000000a0       0x20 /home/trex/esp/LAB3/build/bootloader/bootloader_support/libbootloader_support.a(bootloader_common.o)
 .debug_ranges  0x00000000000000c0       0x40 /home/trex/esp/LAB3/build/bootloader/bootloader_support/libbootloader_support.a(flash_partitions.o)
 .debug_ranges  0x0000000000000100       0x68 /home/trex/esp/LAB3/build/bootloader/bootloader_support/libbootloader_support.a(esp_image_format.o)
 .debug_ranges  0x0000000000000168       0x38 /home/trex/esp/LAB3/build/bootloader/bootloader_support/libbootloader_support.a(bootloader_flash.o)
 .debug_ranges  0x00000000000001a0       0xf0 /home/trex/esp/LAB3/build/bootloader/spi_flash/libspi_flash.a(spi_flash.o)
 .debug_ranges  0x0000000000000290       0x60 /home/trex/esp/LAB3/build/bootloader/spi_flash/libspi_flash.a(spi_flash_raw.o)
 .debug_ranges  0x00000000000002f0       0x20 /home/trex/esp/LAB3/build/bootloader/esp8266/libesp8266.a(crc.o)

.debug_line     0x0000000000000000     0x6971
 .debug_line    0x0000000000000000      0x53d /home/trex/esp/LAB3/build/bootloader/main/libmain.a(bootloader_start.o)
 .debug_line    0x000000000000053d      0x56c /home/trex/esp/LAB3/build/bootloader/bootloader_support/libbootloader_support.a(bootloader_init.o)
 .debug_line    0x0000000000000aa9      0xed0 /home/trex/esp/LAB3/build/bootloader/bootloader_support/libbootloader_support.a(bootloader_utility.o)
 .debug_line    0x0000000000001979      0x633 /home/trex/esp/LAB3/build/bootloader/bootloader_support/libbootloader_support.a(bootloader_common.o)
 .debug_line    0x0000000000001fac      0x58a /home/trex/esp/LAB3/build/bootloader/bootloader_support/libbootloader_support.a(flash_partitions.o)
 .debug_line    0x0000000000002536      0xe7b /home/trex/esp/LAB3/build/bootloader/bootloader_support/libbootloader_support.a(esp_image_format.o)
 .debug_line    0x00000000000033b1      0x688 /home/trex/esp/LAB3/build/bootloader/bootloader_support/libbootloader_support.a(bootloader_flash.o)
 .debug_line    0x0000000000003a39     0x1f44 /home/trex/esp/LAB3/build/bootloader/spi_flash/libspi_flash.a(spi_flash.o)
 .debug_line    0x000000000000597d      0xc2f /home/trex/esp/LAB3/build/bootloader/spi_flash/libspi_flash.a(spi_flash_raw.o)
 .debug_line    0x00000000000065ac      0x3c5 /home/trex/esp/LAB3/build/bootloader/esp8266/libesp8266.a(crc.o)

.debug_str      0x0000000000000000     0x235e
 .debug_str     0x0000000000000000      0x804 /home/trex/esp/LAB3/build/bootloader/main/libmain.a(bootloader_start.o)
                                        0x8d9 (size before relaxing)
 .debug_str     0x0000000000000804      0x34b /home/trex/esp/LAB3/build/bootloader/bootloader_support/libbootloader_support.a(bootloader_init.o)
                                        0xa00 (size before relaxing)
 .debug_str     0x0000000000000b4f      0x2e4 /home/trex/esp/LAB3/build/bootloader/bootloader_support/libbootloader_support.a(bootloader_utility.o)
                                        0xb8e (size before relaxing)
 .debug_str     0x0000000000000e33      0xab7 /home/trex/esp/LAB3/build/bootloader/bootloader_support/libbootloader_support.a(bootloader_common.o)
                                       0x10d0 (size before relaxing)
 .debug_str     0x00000000000018ea       0x7f /home/trex/esp/LAB3/build/bootloader/bootloader_support/libbootloader_support.a(flash_partitions.o)
                                        0x7aa (size before relaxing)
 .debug_str     0x0000000000001969      0x1d0 /home/trex/esp/LAB3/build/bootloader/bootloader_support/libbootloader_support.a(esp_image_format.o)
                                        0xb7c (size before relaxing)
 .debug_str     0x0000000000001b39      0x131 /home/trex/esp/LAB3/build/bootloader/bootloader_support/libbootloader_support.a(bootloader_flash.o)
                                        0x792 (size before relaxing)
 .debug_str     0x0000000000001c6a      0x522 /home/trex/esp/LAB3/build/bootloader/spi_flash/libspi_flash.a(spi_flash.o)
                                        0xd14 (size before relaxing)
 .debug_str     0x000000000000218c      0x127 /home/trex/esp/LAB3/build/bootloader/spi_flash/libspi_flash.a(spi_flash_raw.o)
                                        0x8d0 (size before relaxing)
 .debug_str     0x00000000000022b3       0xab /home/trex/esp/LAB3/build/bootloader/esp8266/libesp8266.a(crc.o)
                                        0x1c6 (size before relaxing)

.comment        0x0000000000000000       0x6b
 .comment       0x0000000000000000       0x31 /home/trex/esp/LAB3/build/bootloader/main/libmain.a(bootloader_start.o)
                                         0x32 (size before relaxing)
 .comment       0x0000000000000031       0x32 /home/trex/esp/LAB3/build/bootloader/bootloader_support/libbootloader_support.a(bootloader_init.o)
 .comment       0x0000000000000031       0x32 /home/trex/esp/LAB3/build/bootloader/bootloader_support/libbootloader_support.a(bootloader_utility.o)
 .comment       0x0000000000000031       0x32 /home/trex/esp/LAB3/build/bootloader/bootloader_support/libbootloader_support.a(bootloader_common.o)
 .comment       0x0000000000000031       0x32 /home/trex/esp/LAB3/build/bootloader/bootloader_support/libbootloader_support.a(flash_partitions.o)
 .comment       0x0000000000000031       0x32 /home/trex/esp/LAB3/build/bootloader/bootloader_support/libbootloader_support.a(esp_image_format.o)
 .comment       0x0000000000000031       0x32 /home/trex/esp/LAB3/build/bootloader/bootloader_support/libbootloader_support.a(bootloader_flash.o)
 .comment       0x0000000000000031       0x32 /home/trex/esp/LAB3/build/bootloader/spi_flash/libspi_flash.a(spi_flash.o)
 .comment       0x0000000000000031       0x32 /home/trex/esp/LAB3/build/bootloader/spi_flash/libspi_flash.a(spi_flash_raw.o)
 .comment       0x0000000000000031       0x32 /home/trex/esp/LAB3/build/bootloader/esp8266/libesp8266.a(crc.o)
 .comment       0x0000000000000031       0x3a /home/trex/esp/ESP8266_RTOS_SDK/components/esp8266/lib/libcore.a(phy.o)
                                         0x3b (size before relaxing)

.xtensa.info    0x0000000000000000       0x38
 .xtensa.info   0x0000000000000000       0x38 /home/trex/esp/LAB3/build/bootloader/main/libmain.a(bootloader_start.o)
 .xtensa.info   0x0000000000000038        0x0 /home/trex/esp/LAB3/build/bootloader/bootloader_support/libbootloader_support.a(bootloader_init.o)
 .xtensa.info   0x0000000000000038        0x0 /home/trex/esp/LAB3/build/bootloader/bootloader_support/libbootloader_support.a(bootloader_utility.o)
 .xtensa.info   0x0000000000000038        0x0 /home/trex/esp/LAB3/build/bootloader/bootloader_support/libbootloader_support.a(bootloader_common.o)
 .xtensa.info   0x0000000000000038        0x0 /home/trex/esp/LAB3/build/bootloader/bootloader_support/libbootloader_support.a(flash_partitions.o)
 .xtensa.info   0x0000000000000038        0x0 /home/trex/esp/LAB3/build/bootloader/bootloader_support/libbootloader_support.a(esp_image_format.o)
 .xtensa.info   0x0000000000000038        0x0 /home/trex/esp/LAB3/build/bootloader/bootloader_support/libbootloader_support.a(bootloader_flash.o)
 .xtensa.info   0x0000000000000038        0x0 /home/trex/esp/LAB3/build/bootloader/spi_flash/libspi_flash.a(spi_flash.o)
 .xtensa.info   0x0000000000000038        0x0 /home/trex/esp/LAB3/build/bootloader/spi_flash/libspi_flash.a(spi_flash_raw.o)
 .xtensa.info   0x0000000000000038        0x0 /home/trex/esp/LAB3/build/bootloader/log/liblog.a(log.o)
 .xtensa.info   0x0000000000000038        0x0 /home/trex/esp/LAB3/build/bootloader/esp8266/libesp8266.a(ets_printf.o)
 .xtensa.info   0x0000000000000038        0x0 /home/trex/esp/LAB3/build/bootloader/esp8266/libesp8266.a(crc.o)
 .xtensa.info   0x0000000000000038        0x0 /home/trex/esp/LAB3/build/bootloader/esp8266/libesp8266.a(esp_fast_boot.o)
 .xtensa.info   0x0000000000000038        0x0 /home/trex/esp/ESP8266_RTOS_SDK/components/esp8266/lib/libcore.a(phy.o)
